// Jest Snapshot v1, https://goo.gl/fbAQLP

exports[`Search component renders Search 1`] = `
<DocumentFragment>
  <div>
    <form>
      <label>
        News Search
      </label>
      <input
        id="text"
        name="text"
        type="text"
        value="search text"
      />
      <button>
        Submit
      </button>
    </form>
  </div>
</DocumentFragment>
`;
